// Jest Snapshot v1, https://goo.gl/fbAQLP

exports[`FormattedReport Component Snapshot with mocked data 1`] = `
<DocumentFragment>
  <div
    style="padding: 20px 0px; margin-top: 5px; border-bottom: 1px solid #DEE2E6;"
  >
    <p>
      <b>
        Name:
      </b>
       A B
    </p>
    <p>
       
      <b>
        Media URL:
      </b>
       
      <a
        href="a"
        rel="noopener noreferrer"
        target="_blank"
      >
        Open link to media files
      </a>
    </p>
    <p>
      <b>
        Total Valid Weekly Summaries:
      </b>
       3
    </p>
    <p>
      <b>
        Committed weekly hours:
      </b>
       
    </p>
    <p>
      <b>
        Weekly Summary
      </b>
       (2020-Jun-27):
    </p>
    Week 2 summary
  </div>
  <div
    style="padding: 20px 0px; margin-top: 5px; border-bottom: 1px solid #DEE2E6;"
  >
    <p>
      <b>
        Name:
      </b>
       C D
    </p>
    <p>
       
      <b>
        Media URL:
      </b>
       Not provided!
    </p>
    <p>
      <b>
        Total Valid Weekly Summaries:
      </b>
       1
    </p>
    <p>
      <b>
        Committed weekly hours:
      </b>
       
    </p>
    <p>
      <b>
        Weekly Summary
      </b>
       (2020-Jun-27):
    </p>
    <span
      style="color: red;"
    >
      Not provided!
    </span>
  </div>
  <div
    style="padding: 20px 0px; margin-top: 5px; border-bottom: 1px solid #DEE2E6;"
  >
    <p>
      <b>
        Name:
      </b>
       E F
    </p>
    <p>
       
      <b>
        Media URL:
      </b>
       Not provided!
    </p>
    <p>
      <b>
        Total Valid Weekly Summaries:
      </b>
       No valid submissions yet!
    </p>
    <p>
      <b>
        Committed weekly hours:
      </b>
       
    </p>
    <p>
      <b>
        Weekly Summary
      </b>
       (2021-Aug-23):
    </p>
    <span
      style="color: red;"
    >
      Not provided!
    </span>
  </div>
  <h4>
    Emails
  </h4>
  <p />
</DocumentFragment>
`;
