// Jest Snapshot v1, https://goo.gl/fbAQLP

exports[`Force Password Update page structure should match the snapshot 1`] = `
<DocumentFragment>
  <div
    class="pt-5 h-100 container-fluid d-flex flex-column align-items-center "
  >
    <h2>
      Change Password
    </h2>
    <form
      class="col-md-4 xs-12"
    >
      <div
        class="form-group "
      >
        <label
          class=""
          for="newpassword"
        >
          New Password:
        </label>
        <div
          class="input-text w-100"
        >
          <input
            class="form-control"
            id="newpassword"
            name="newpassword"
            type="password"
            value=""
          />
          <i
            class="fa fa-eye-slash"
          />
        </div>
      </div>
      <div
        class="form-group "
      >
        <label
          class=""
          for="confirmnewpassword"
        >
          Confirm Password:
        </label>
        <div
          class="input-text w-100"
        >
          <input
            class="form-control"
            data-refers="newpassword"
            id="confirmnewpassword"
            name="confirmnewpassword"
            type="password"
            value=""
          />
          <i
            class="fa fa-eye-slash"
          />
        </div>
      </div>
      <button
        class="btn btn-primary"
        disabled=""
        style="box-shadow: 2px 2px 4px 1px lightgray;"
      >
        Submit
      </button>
    </form>
  </div>
</DocumentFragment>
`;